// Jest Snapshot v1, https://goo.gl/fbAQLP

exports[`UpdateReservationForm should match snapshot 1`] = `
<div>
  <form
    class="sc-AxiKw iPybUT"
  >
    <h1
      class="sc-AxgMl jfqWoR"
    >
      tittle form test
    </h1>
    <input
      class="sc-AxhUy cAHivH"
      name="telefonoUsuario"
      placeholder=""
      value="3186905006"
    />
    <input
      class="sc-AxhUy cAHivH"
      name="nombreUsuario"
      placeholder=""
      value="juan"
    />
    <input
      class="sc-AxhUy cAHivH"
      name="horaIngreso"
      placeholder=""
      value="1626283800000"
    />
    <input
      class="sc-AxhUy cAHivH"
      name="horaSalida"
      placeholder=""
      value="1626283800000"
    />
    <input
      class="sc-AxhUy cAHivH"
      name="idCancha"
      placeholder=""
      value="1"
    />
    <input
      class="sc-AxhUy cAHivH"
      name="valor"
      placeholder=""
      value="50000"
    />
    <button
      class="sc-AxjAm kgxTKy"
      name="Actualizar"
      type="submit"
    >
      Actualizar
    </button>
  </form>
</div>
`;
